2019/04/15 01:28:29.473 [I] [asm_amd64.s:2361]  http server Running on http://:8090
